src/components/AnalyticsPage.tsx(42,7): error TS6133: 'COLORS' is declared but its value is never read.
src/components/AnalyticsPage.tsx(109,13): error TS6133: 'dateStr' is declared but its value is never read.
src/components/AnalyticsPage.tsx(246,38): error TS6133: 'entry' is declared but its value is never read.
src/components/Header.tsx(8,3): error TS6133: 'DropdownMenuLabel' is declared but its value is never read.
src/components/Header.tsx(9,3): error TS6133: 'DropdownMenuSeparator' is declared but its value is never read.
src/components/MainPage.tsx(96,32): error TS2554: Expected 1 arguments, but got 2.
src/components/MainPage.tsx(100,32): error TS2554: Expected 1 arguments, but got 2.
src/components/ReportIssuePage.tsx(40,10): error TS6133: 'map' is declared but its value is never read.
src/components/SignUp.tsx(18,12): error TS6133: 'role' is declared but its value is never read.
